Gutsy Dawn versi 1.1.1. Membuka game mohon tunggu.
Sedang memverifikasi token ke server...
Menghubungkan ke Voice Chat TeamTalk...
Selamat datang kembali, Quito!
Memproses...
*SERVER GAME*

Selamat datang, Developer.

Silahkan pilih menu di bawah:
_Menu ini kedaluwarsa dalam 60 detik._. Menu Player
Menu System
Menu Dunia
Tutup
Menu Dunia
Menu System
Menu Player
Memproses...
*MENU PLAYER*

Silahkan pilih aksi:
_Menu ini kedaluwarsa dalam 60 detik._. Bansos
Broadcast
Pindah Player
List Pemain
Pindah Player
Pindah Player
List Pemain
List Team
Akses Pemain
Pending Request
Istirahatkan Pemain
Pending Request
Memproses...
*DAFTAR PENDING REQUEST (Hal 1/1)*

Tidak ada pemain yang menunggu persetujuan.
. Kembali
Tutup / Batal
Kembali
Tutup / Batal
Kembali
Tutup / Batal
Kembali
Memproses...
*MENU PLAYER*

Silahkan pilih aksi:
_Menu ini kedaluwarsa dalam 60 detik._. Bansos
Broadcast
Pindah Player
List Pemain
List Team
Akses Pemain
List Team
Akses Pemain
Pending Request
Istirahatkan Pemain
Pending Request
Memproses...
*DAFTAR PENDING REQUEST (Hal 1/1)*

Tidak ada pemain yang menunggu persetujuan.
. Kembali
Memproses...
*MENU PLAYER*

Silahkan pilih aksi:
_Menu ini kedaluwarsa dalam 60 detik._. Bansos
Broadcast
Pindah Player
List Pemain
Memproses...
*LIST PEMAIN* (6 total) - Hal. 1/1

Berikut adalah daftar aktivitas pemain saat ini:

1. ?? *Quito*, Online
2. ?? *algarion*, Offline
3. ?? *Algarion*, Offline
4. ?? *Alga*, Offline
5. ?? *saleh*, Offline
6. ?? *Wowo*, Offline

_Pilih tombol nama pemain di bawah untuk tindakan._
_Kedaluwarsa dalam 30 detik._. Quito
algarion
Algarion
Alga
saleh
Wowo
Kembali
Tutup / Batal
Kembali
Wowo
saleh
Alga
Algarion
algarion
Quito
algarion
Algarion
Alga
saleh
Wowo
Kembali
Tutup / Batal
Memproses...
*LIST PEMAIN* (6 total) - Hal. 1/1

Berikut adalah daftar aktivitas pemain saat ini:

1. ?? *Quito*, Online
2. ?? *algarion*, Offline
3. ?? *Algarion*, Offline
4. ?? *Alga*, Offline
5. ?? *saleh*, Offline
6. ?? *Wowo*, Offline

_Pilih tombol nama pemain di bawah untuk tindakan._
_Kedaluwarsa dalam 30 detik._. Quito
algarion
Algarion
Alga
Algarion
Alga
saleh
Wowo
Kembali
Tutup / Batal
Keluar dari game.
